d:\ntust\cg-gui\cg-gui\x64\debug\vc142.pdb
d:\ntust\cg-gui\cg-gui\x64\debug\vc142.idb
d:\ntust\cg-gui\cg-gui\x64\debug\main.obj
d:\ntust\cg-gui\cg-gui\x64\debug\objloader.obj
d:\ntust\cg-gui\cg-gui\x64\debug\camera.obj
d:\ntust\cg-gui\cg-gui\x64\debug\app.obj
d:\ntust\cg-gui\cg-gui\x64\debug\imgui_widgets.obj
d:\ntust\cg-gui\cg-gui\x64\debug\imgui_tables.obj
d:\ntust\cg-gui\cg-gui\x64\debug\imgui_draw.obj
d:\ntust\cg-gui\cg-gui\x64\debug\imgui_demo.obj
d:\ntust\cg-gui\cg-gui\x64\debug\imgui.obj
d:\ntust\cg-gui\cg-gui\x64\debug\imgui_impl_opengl3.obj
d:\ntust\cg-gui\cg-gui\x64\debug\imgui_impl_glfw.obj
d:\ntust\cg-gui\cg-gui\x64\debug\controlwindow.obj
d:\ntust\cg-gui\cg-gui\x64\debug\mainscene.obj
d:\ntust\cg-gui\cg-gui\x64\debug\cg-gui.ilk
d:\ntust\cg-gui\build\debugx64\cg-gui.exe
d:\ntust\cg-gui\build\debugx64\cg-gui.pdb
d:\ntust\cg-gui\cg-gui\x64\debug\cg-gui.tlog\cl.command.1.tlog
d:\ntust\cg-gui\cg-gui\x64\debug\cg-gui.tlog\cl.read.1.tlog
d:\ntust\cg-gui\cg-gui\x64\debug\cg-gui.tlog\cl.write.1.tlog
d:\ntust\cg-gui\cg-gui\x64\debug\cg-gui.tlog\link.command.1.tlog
d:\ntust\cg-gui\cg-gui\x64\debug\cg-gui.tlog\link.read.1.tlog
d:\ntust\cg-gui\cg-gui\x64\debug\cg-gui.tlog\link.write.1.tlog
