  MainScene.cpp
C:\Users\terry\OneDrive - 國立臺灣科技大學\Desktop\台科大作業\電腦圖學\Project01\src\Scene\MainScene.cpp(95,21): warning C4312: '類型轉換': 將 'GLuint' 轉換為較大的 'void *'
C:\Users\terry\OneDrive - 國立臺灣科技大學\Desktop\台科大作業\電腦圖學\Project01\src\Scene\MainScene.cpp(107,21): warning C4312: '類型轉換': 將 'GLuint' 轉換為較大的 'void *'
C:\Users\terry\OneDrive - 國立臺灣科技大學\Desktop\台科大作業\電腦圖學\Project01\src\Scene\MainScene.cpp(119,21): warning C4312: '類型轉換': 將 'GLuint' 轉換為較大的 'void *'
C:\Users\terry\OneDrive - 國立臺灣科技大學\Desktop\台科大作業\電腦圖學\Project01\src\Scene\MainScene.cpp(166,23): warning C4305: '-=': 從 'double' 轉換為 'float'，是由較大的類型轉換為較小的類型，可能導致資料遺失
C:\Users\terry\OneDrive - 國立臺灣科技大學\Desktop\台科大作業\電腦圖學\Project01\src\Scene\MainScene.cpp(169,23): warning C4305: '+=': 從 'double' 轉換為 'float'，是由較大的類型轉換為較小的類型，可能導致資料遺失
C:\Users\terry\OneDrive - 國立臺灣科技大學\Desktop\台科大作業\電腦圖學\Project01\src\Scene\MainScene.cpp(366,37): warning C4267: '=': 將 'size_t' 轉換為 'int'，資料可能遺失
C:\Users\terry\OneDrive - 國立臺灣科技大學\Desktop\台科大作業\電腦圖學\Project01\src\Scene\MainScene.cpp(371,27): warning C4267: '=': 將 'size_t' 轉換為 'int'，資料可能遺失
C:\Users\terry\OneDrive - 國立臺灣科技大學\Desktop\台科大作業\電腦圖學\Project01\src\Scene\MainScene.cpp(376,35): warning C4267: '=': 將 'size_t' 轉換為 'int'，資料可能遺失
C:\Users\terry\OneDrive - 國立臺灣科技大學\Desktop\台科大作業\電腦圖學\Project01\src\Scene\MainScene.cpp(482,59): warning C4305: '引數': 從 'double' 轉換為 'float'，是由較大的類型轉換為較小的類型，可能導致資料遺失
C:\Users\terry\OneDrive - 國立臺灣科技大學\Desktop\台科大作業\電腦圖學\Project01\src\Scene\MainScene.cpp(431,9): warning C4101: 'alpha': 未參考的區域變數
C:\Users\terry\OneDrive - 國立臺灣科技大學\Desktop\台科大作業\電腦圖學\Project01\src\Scene\MainScene.cpp(433,7): warning C4101: 'ind': 未參考的區域變數
C:\Users\terry\OneDrive - 國立臺灣科技大學\Desktop\台科大作業\電腦圖學\Project01\src\Scene\MainScene.cpp(431,16): warning C4101: 'beta': 未參考的區域變數
C:\Users\terry\OneDrive - 國立臺灣科技大學\Desktop\台科大作業\電腦圖學\Project01\src\Scene\MainScene.cpp(431,22): warning C4101: 'gamma': 未參考的區域變數
C:\Users\terry\OneDrive - 國立臺灣科技大學\Desktop\台科大作業\電腦圖學\Project01\src\Scene\MainScene.cpp(503,33): warning C4244: '=': 將 'double' 轉換為 'float'，由於類型不同，可能導致資料遺失
C:\Users\terry\OneDrive - 國立臺灣科技大學\Desktop\台科大作業\電腦圖學\Project01\src\Scene\MainScene.cpp(504,34): warning C4244: '=': 將 'double' 轉換為 'float'，由於類型不同，可能導致資料遺失
C:\Users\terry\OneDrive - 國立臺灣科技大學\Desktop\台科大作業\電腦圖學\Project01\src\Scene\MainScene.cpp(506,34): warning C4244: '=': 將 'double' 轉換為 'float'，由於類型不同，可能導致資料遺失
C:\Users\terry\OneDrive - 國立臺灣科技大學\Desktop\台科大作業\電腦圖學\Project01\src\Scene\MainScene.cpp(507,35): warning C4244: '=': 將 'double' 轉換為 'float'，由於類型不同，可能導致資料遺失
C:\Users\terry\OneDrive - 國立臺灣科技大學\Desktop\台科大作業\電腦圖學\Project01\src\Scene\MainScene.cpp(518,37): warning C4244: '-=': 將 'double' 轉換為 'float'，由於類型不同，可能導致資料遺失
C:\Users\terry\OneDrive - 國立臺灣科技大學\Desktop\台科大作業\電腦圖學\Project01\src\Scene\MainScene.cpp(519,38): warning C4244: '+=': 將 'double' 轉換為 'float'，由於類型不同，可能導致資料遺失
C:\Users\terry\OneDrive - 國立臺灣科技大學\Desktop\台科大作業\電腦圖學\Project01\src\Scene\MainScene.cpp(520,37): warning C4244: '+=': 將 'double' 轉換為 'float'，由於類型不同，可能導致資料遺失
C:\Users\terry\OneDrive - 國立臺灣科技大學\Desktop\台科大作業\電腦圖學\Project01\src\Scene\MainScene.cpp(521,38): warning C4244: '-=': 將 'double' 轉換為 'float'，由於類型不同，可能導致資料遺失
C:\Users\terry\OneDrive - 國立臺灣科技大學\Desktop\台科大作業\電腦圖學\Project01\src\Scene\MainScene.cpp(522,24): warning C4244: '+=': 將 'double' 轉換為 'float'，由於類型不同，可能導致資料遺失
C:\Users\terry\OneDrive - 國立臺灣科技大學\Desktop\台科大作業\電腦圖學\Project01\src\Scene\MainScene.cpp(527,37): warning C4244: '+=': 將 'double' 轉換為 'float'，由於類型不同，可能導致資料遺失
C:\Users\terry\OneDrive - 國立臺灣科技大學\Desktop\台科大作業\電腦圖學\Project01\src\Scene\MainScene.cpp(528,38): warning C4244: '-=': 將 'double' 轉換為 'float'，由於類型不同，可能導致資料遺失
C:\Users\terry\OneDrive - 國立臺灣科技大學\Desktop\台科大作業\電腦圖學\Project01\src\Scene\MainScene.cpp(529,37): warning C4244: '-=': 將 'double' 轉換為 'float'，由於類型不同，可能導致資料遺失
C:\Users\terry\OneDrive - 國立臺灣科技大學\Desktop\台科大作業\電腦圖學\Project01\src\Scene\MainScene.cpp(530,38): warning C4244: '+=': 將 'double' 轉換為 'float'，由於類型不同，可能導致資料遺失
C:\Users\terry\OneDrive - 國立臺灣科技大學\Desktop\台科大作業\電腦圖學\Project01\src\Scene\MainScene.cpp(531,24): warning C4244: '-=': 將 'double' 轉換為 'float'，由於類型不同，可能導致資料遺失
C:\Users\terry\OneDrive - 國立臺灣科技大學\Desktop\台科大作業\電腦圖學\Project01\src\Scene\MainScene.cpp(536,37): warning C4244: '+=': 將 'double' 轉換為 'float'，由於類型不同，可能導致資料遺失
C:\Users\terry\OneDrive - 國立臺灣科技大學\Desktop\台科大作業\電腦圖學\Project01\src\Scene\MainScene.cpp(537,38): warning C4244: '-=': 將 'double' 轉換為 'float'，由於類型不同，可能導致資料遺失
C:\Users\terry\OneDrive - 國立臺灣科技大學\Desktop\台科大作業\電腦圖學\Project01\src\Scene\MainScene.cpp(538,37): warning C4244: '-=': 將 'double' 轉換為 'float'，由於類型不同，可能導致資料遺失
C:\Users\terry\OneDrive - 國立臺灣科技大學\Desktop\台科大作業\電腦圖學\Project01\src\Scene\MainScene.cpp(539,38): warning C4244: '+=': 將 'double' 轉換為 'float'，由於類型不同，可能導致資料遺失
C:\Users\terry\OneDrive - 國立臺灣科技大學\Desktop\台科大作業\電腦圖學\Project01\src\Scene\MainScene.cpp(540,24): warning C4244: '+=': 將 'double' 轉換為 'float'，由於類型不同，可能導致資料遺失
C:\Users\terry\OneDrive - 國立臺灣科技大學\Desktop\台科大作業\電腦圖學\Project01\src\Scene\MainScene.cpp(545,37): warning C4244: '-=': 將 'double' 轉換為 'float'，由於類型不同，可能導致資料遺失
C:\Users\terry\OneDrive - 國立臺灣科技大學\Desktop\台科大作業\電腦圖學\Project01\src\Scene\MainScene.cpp(546,38): warning C4244: '+=': 將 'double' 轉換為 'float'，由於類型不同，可能導致資料遺失
C:\Users\terry\OneDrive - 國立臺灣科技大學\Desktop\台科大作業\電腦圖學\Project01\src\Scene\MainScene.cpp(547,37): warning C4244: '+=': 將 'double' 轉換為 'float'，由於類型不同，可能導致資料遺失
C:\Users\terry\OneDrive - 國立臺灣科技大學\Desktop\台科大作業\電腦圖學\Project01\src\Scene\MainScene.cpp(548,38): warning C4244: '-=': 將 'double' 轉換為 'float'，由於類型不同，可能導致資料遺失
C:\Users\terry\OneDrive - 國立臺灣科技大學\Desktop\台科大作業\電腦圖學\Project01\src\Scene\MainScene.cpp(549,24): warning C4244: '-=': 將 'double' 轉換為 'float'，由於類型不同，可能導致資料遺失
C:\Users\terry\OneDrive - 國立臺灣科技大學\Desktop\台科大作業\電腦圖學\Project01\src\Scene\MainScene.cpp(566,32): warning C4244: '+=': 將 'double' 轉換為 'float'，由於類型不同，可能導致資料遺失
C:\Users\terry\OneDrive - 國立臺灣科技大學\Desktop\台科大作業\電腦圖學\Project01\src\Scene\MainScene.cpp(568,37): warning C4244: '+=': 將 'double' 轉換為 'float'，由於類型不同，可能導致資料遺失
C:\Users\terry\OneDrive - 國立臺灣科技大學\Desktop\台科大作業\電腦圖學\Project01\src\Scene\MainScene.cpp(569,38): warning C4244: '+=': 將 'double' 轉換為 'float'，由於類型不同，可能導致資料遺失
C:\Users\terry\OneDrive - 國立臺灣科技大學\Desktop\台科大作業\電腦圖學\Project01\src\Scene\MainScene.cpp(570,37): warning C4244: '-=': 將 'double' 轉換為 'float'，由於類型不同，可能導致資料遺失
C:\Users\terry\OneDrive - 國立臺灣科技大學\Desktop\台科大作業\電腦圖學\Project01\src\Scene\MainScene.cpp(571,38): warning C4244: '+=': 將 'double' 轉換為 'float'，由於類型不同，可能導致資料遺失
C:\Users\terry\OneDrive - 國立臺灣科技大學\Desktop\台科大作業\電腦圖學\Project01\src\Scene\MainScene.cpp(572,36): warning C4244: '-=': 將 'double' 轉換為 'float'，由於類型不同，可能導致資料遺失
C:\Users\terry\OneDrive - 國立臺灣科技大學\Desktop\台科大作業\電腦圖學\Project01\src\Scene\MainScene.cpp(573,37): warning C4244: '-=': 將 'double' 轉換為 'float'，由於類型不同，可能導致資料遺失
C:\Users\terry\OneDrive - 國立臺灣科技大學\Desktop\台科大作業\電腦圖學\Project01\src\Scene\MainScene.cpp(578,32): warning C4244: '-=': 將 'double' 轉換為 'float'，由於類型不同，可能導致資料遺失
C:\Users\terry\OneDrive - 國立臺灣科技大學\Desktop\台科大作業\電腦圖學\Project01\src\Scene\MainScene.cpp(579,37): warning C4244: '-=': 將 'double' 轉換為 'float'，由於類型不同，可能導致資料遺失
C:\Users\terry\OneDrive - 國立臺灣科技大學\Desktop\台科大作業\電腦圖學\Project01\src\Scene\MainScene.cpp(580,38): warning C4244: '-=': 將 'double' 轉換為 'float'，由於類型不同，可能導致資料遺失
C:\Users\terry\OneDrive - 國立臺灣科技大學\Desktop\台科大作業\電腦圖學\Project01\src\Scene\MainScene.cpp(581,37): warning C4244: '+=': 將 'double' 轉換為 'float'，由於類型不同，可能導致資料遺失
C:\Users\terry\OneDrive - 國立臺灣科技大學\Desktop\台科大作業\電腦圖學\Project01\src\Scene\MainScene.cpp(582,38): warning C4244: '-=': 將 'double' 轉換為 'float'，由於類型不同，可能導致資料遺失
C:\Users\terry\OneDrive - 國立臺灣科技大學\Desktop\台科大作業\電腦圖學\Project01\src\Scene\MainScene.cpp(583,36): warning C4244: '+=': 將 'double' 轉換為 'float'，由於類型不同，可能導致資料遺失
C:\Users\terry\OneDrive - 國立臺灣科技大學\Desktop\台科大作業\電腦圖學\Project01\src\Scene\MainScene.cpp(584,37): warning C4244: '+=': 將 'double' 轉換為 'float'，由於類型不同，可能導致資料遺失
  cg-gui.vcxproj -> C:\Users\terry\OneDrive - 國立臺灣科技大學\Desktop\台科大作業\電腦圖學\Project01\build\Debugx64\cg-gui.exe
