  imgui_impl_glfw.cpp
  imgui_impl_opengl3.cpp
  imgui.cpp
  imgui_demo.cpp
  imgui_draw.cpp
  imgui_tables.cpp
  imgui_widgets.cpp
  App.cpp
  Camera.cpp
  MainScene.cpp
D:\NTUST\cg-gui\src\Scene\MainScene.cpp(94,21): warning C4312: 'type cast': conversion from 'GLuint' to 'void *' of greater size
D:\NTUST\cg-gui\src\Scene\MainScene.cpp(106,21): warning C4312: 'type cast': conversion from 'GLuint' to 'void *' of greater size
D:\NTUST\cg-gui\src\Scene\MainScene.cpp(118,21): warning C4312: 'type cast': conversion from 'GLuint' to 'void *' of greater size
D:\NTUST\cg-gui\src\Scene\MainScene.cpp(165,23): warning C4305: '-=': truncation from 'double' to 'float'
D:\NTUST\cg-gui\src\Scene\MainScene.cpp(168,23): warning C4305: '+=': truncation from 'double' to 'float'
D:\NTUST\cg-gui\src\Scene\MainScene.cpp(363,37): warning C4267: '=': conversion from 'size_t' to 'int', possible loss of data
D:\NTUST\cg-gui\src\Scene\MainScene.cpp(368,27): warning C4267: '=': conversion from 'size_t' to 'int', possible loss of data
D:\NTUST\cg-gui\src\Scene\MainScene.cpp(373,35): warning C4267: '=': conversion from 'size_t' to 'int', possible loss of data
D:\NTUST\cg-gui\src\Scene\MainScene.cpp(398,14): warning C4244: 'initializing': conversion from 'double' to 'int', possible loss of data
D:\NTUST\cg-gui\src\Scene\MainScene.cpp(404,21): warning C4244: '=': conversion from 'double' to 'float', possible loss of data
D:\NTUST\cg-gui\src\Scene\MainScene.cpp(408,21): warning C4244: '=': conversion from 'double' to 'float', possible loss of data
D:\NTUST\cg-gui\src\Scene\MainScene.cpp(414,25): warning C4244: '+=': conversion from 'double' to 'float', possible loss of data
D:\NTUST\cg-gui\src\Scene\MainScene.cpp(415,26): warning C4244: '-=': conversion from 'double' to 'float', possible loss of data
D:\NTUST\cg-gui\src\Scene\MainScene.cpp(416,25): warning C4244: '+=': conversion from 'double' to 'float', possible loss of data
D:\NTUST\cg-gui\src\Scene\MainScene.cpp(421,25): warning C4244: '-=': conversion from 'double' to 'float', possible loss of data
D:\NTUST\cg-gui\src\Scene\MainScene.cpp(422,26): warning C4244: '+=': conversion from 'double' to 'float', possible loss of data
D:\NTUST\cg-gui\src\Scene\MainScene.cpp(423,26): warning C4244: '-=': conversion from 'double' to 'float', possible loss of data
D:\NTUST\cg-gui\src\Scene\MainScene.cpp(424,25): warning C4244: '-=': conversion from 'double' to 'float', possible loss of data
D:\NTUST\cg-gui\src\Scene\MainScene.cpp(429,25): warning C4244: '-=': conversion from 'double' to 'float', possible loss of data
D:\NTUST\cg-gui\src\Scene\MainScene.cpp(430,26): warning C4244: '+=': conversion from 'double' to 'float', possible loss of data
D:\NTUST\cg-gui\src\Scene\MainScene.cpp(432,25): warning C4244: '+=': conversion from 'double' to 'float', possible loss of data
D:\NTUST\cg-gui\src\Scene\MainScene.cpp(437,25): warning C4244: '+=': conversion from 'double' to 'float', possible loss of data
D:\NTUST\cg-gui\src\Scene\MainScene.cpp(438,26): warning C4244: '-=': conversion from 'double' to 'float', possible loss of data
D:\NTUST\cg-gui\src\Scene\MainScene.cpp(439,26): warning C4244: '+=': conversion from 'double' to 'float', possible loss of data
D:\NTUST\cg-gui\src\Scene\MainScene.cpp(440,25): warning C4244: '-=': conversion from 'double' to 'float', possible loss of data
D:\NTUST\cg-gui\src\Scene\MainScene.cpp(462,37): warning C4244: 'argument': conversion from 'double' to 'float', possible loss of data
D:\NTUST\cg-gui\src\Scene\MainScene.cpp(466,36): warning C4305: '=': truncation from 'double' to 'float'
D:\NTUST\cg-gui\src\Scene\MainScene.cpp(470,42): warning C4305: 'argument': truncation from 'double' to 'float'
D:\NTUST\cg-gui\src\Scene\MainScene.cpp(476,42): warning C4305: 'argument': truncation from 'double' to 'float'
D:\NTUST\cg-gui\src\Scene\MainScene.cpp(500,40): warning C4305: 'argument': truncation from 'double' to 'float'
D:\NTUST\cg-gui\src\Scene\MainScene.cpp(504,42): warning C4305: 'argument': truncation from 'double' to 'float'
D:\NTUST\cg-gui\src\Scene\MainScene.cpp(510,45): warning C4305: 'argument': truncation from 'double' to 'float'
D:\NTUST\cg-gui\src\Scene\MainScene.cpp(514,45): warning C4305: 'argument': truncation from 'double' to 'float'
D:\NTUST\cg-gui\src\Scene\MainScene.cpp(535,41): warning C4305: 'argument': truncation from 'double' to 'float'
D:\NTUST\cg-gui\src\Scene\MainScene.cpp(541,43): warning C4305: 'argument': truncation from 'double' to 'float'
D:\NTUST\cg-gui\src\Scene\MainScene.cpp(562,44): warning C4305: 'argument': truncation from 'double' to 'float'
D:\NTUST\cg-gui\src\Scene\MainScene.cpp(577,84): warning C4244: 'argument': conversion from 'double' to 'float', possible loss of data
  OBJLoader.cpp
D:\NTUST\cg-gui\src\Utilty\OBJLoader.cpp(164,20): warning C4477: 'fscanf' : format string '%s' requires an argument of type 'char *', but variadic argument 1 has type 'std::string'
  ControlWindow.cpp
  main.cpp
  Generating code
  Previous IPDB not found, fall back to full compilation.
  All 3030 functions were compiled because no usable IPDB/IOBJ from previous compilation was found.
  Finished generating code
  cg-gui.vcxproj -> D:\NTUST\cg-gui\build\Releasex64\cg-gui.exe
